// Jest Snapshot v1, https://goo.gl/fbAQLP

exports[`Card.vue Renderiza corretamente passando props 1`] = `
<div
  class="max-w-sm rounded overflow-hidden shadow-lg"
>
  <div
    class="bg-gray-200 px-2 py-3"
  >
    <h1>
      Aqui pode estar o título do card
    </h1>
  </div>
   
  <div
    class="bg-gray-400 px-2 py-3"
  >
    <p>
      Um parágrafo para o conteúdo principal.
    </p>
    <p>
      E um outro parágrafo.
    </p>
  </div>
   
  <div
    class="bg-gray-200 px-2 py-3"
  >
    <p>
      Aqui está o footer
    </p>
  </div>
</div>
`;
