// Jest Snapshot v1, https://goo.gl/fbAQLP

exports[`Galeria.vue Renderiza corretamente passando props 1`] = `
<div
  class="galeria"
  style="background-image: url(https://www.dalcomad.com.br/wp-content/uploads/2018/11/capa.jpg); background-size: 100% 100%; background-repeat: no-repeat; width: 100%; height: 300px;"
>
   
  <section
    class="controles"
  >
    <span
      class="left"
    >
      <svg
        fill="none"
        height="30"
        viewBox="0 0 248 400"
        width="20"
        xmlns="http://www.w3.org/2000/svg"
      >
        <path
          d="M247.667 353L95.0001 200L247.667 47L200.667 0L0.666748 200L200.667 400L247.667 353Z"
          fill="#ccc"
        />
      </svg>
    </span>
     
    <span
      class="right"
    >
      <svg
        fill="none"
        height="30"
        viewBox="0 0 247 400"
        width="20"
        xmlns="http://www.w3.org/2000/svg"
      >
        <path
          d="M1.56015e-05 47L152.667 200L-1.11499e-05 353L47 400L247 200L47 -1.74846e-05L1.56015e-05 47Z"
          fill="#fff"
        />
      </svg>
    </span>
  </section>
</div>
`;
